 ets Jan  8 2013,rst cause:2, boot mode:(3,6)

load 0x40100000, len 7040, room 16
tail 0
chksum 0x67
load 0x3ffe8408, len 24, room 8
tail 0
chksum 0xde
load 0x3ffe8420, len 3328, room 8
tail 8
chksum 0xa2
csum 0xa2
I (46) boot: ESP-IDF v3.4-49-g0f200b46-dirty 2nd stage bootloader
I (46) boot: compile time 18:50:55
I (46) qio_mode: Enabling default flash chip QIO
I (55) boot: SPI Speed      : 40MHz
I (61) boot: SPI Mode       : QIO
I (67) boot: SPI Flash Size : 1MB
I (73) boot: Partition Table:
I (79) boot: ## Label            Usage          Type ST Offset   Length
I (90) boot:  0 nvs              WiFi data        01 02 00009000 00006000
I (102) boot:  1 phy_init         RF data          01 01 0000f000 00001000
I (113) boot:  2 factory          factory app      00 00 00010000 000f0000
I (125) boot: End of partition table
I (131) esp_image: segment 0: paddr=0x00010010 vaddr=0x40210010 size=0x15e94 ( 89748) map
I (175) esp_image: segment 1: paddr=0x00025eac vaddr=0x40225ea4 size=0x0596c ( 22892) map
I (183) esp_image: segment 2: paddr=0x0002b820 vaddr=0x3ffe8000 size=0x003dc (   988) load
I (186) esp_image: segment 3: paddr=0x0002bc04 vaddr=0x40100000 size=0x00080 (   128) load
I (200) esp_image: segment 4: paddr=0x0002bc8c vaddr=0x40100080 size=0x04558 ( 17752) load
I (219) boot: Loaded app from partition at offset 0x10000
I (239) gpio: GPIO[2]| InputEn: 0| OutputEn: 1| OpenDrain: 0| Pullup: 0| Pulldown: 0| Intr:0
I (243) Task: gpio_on: Setting GPIO2 high

I (253) main: GPIO_2 Pin STATUS: 1

I (753) Task: gpio_off: Setting GPIO2 low

I (1254) main: GPIO_2 Pin STATUS: 0

I (1743) Task: gpio_on: Setting GPIO2 high

I (2253) Task: gpio_off: Setting GPIO2 low

I (2263) main: GPIO_2 Pin STATUS: 0

I (3243) Task: gpio_on: Setting GPIO2 high

I (3273) main: GPIO_2 Pin STATUS: 1

I (3753) Task: gpio_off: Setting GPIO2 low

I (4273) main: GPIO_2 Pin STATUS: 0

I (4743) Task: gpio_on: Setting GPIO2 high

I (5253) Task: gpio_off: Setting GPIO2 low

I (5283) main: GPIO_2 Pin STATUS: 0

I (6243) Task: gpio_on: Setting GPIO2 high

I (6293) main: GPIO_2 Pin STATUS: 1

I (6753) Task: gpio_off: Setting GPIO2 low

I (7293) main: GPIO_2 Pin STATUS: 0

I (7743) Task: gpio_on: Setting GPIO2 high

I (8253) Task: gpio_off: Setting GPIO2 low

I (8303) main: GPIO_2 Pin STATUS: 0

I (9243) Task: gpio_on: Setting GPIO2 high

I (9313) main: GPIO_2 Pin STATUS: 1

I (9753) Task: gpio_off: Setting GPIO2 low
